<reservation>
	<performance>
		<play>The CICD by Corneille</play>
		<date>22/04/2023 21:00:00</date>
	</performance>
	<reservationId>123457</reservationId>
	<reservationStatus>FULFILLABLE</reservationStatus>
		<seats>
			<seat>
				<id>B1</id>
				<category>STANDARD</category>
			</seat>
			<seat>
				<id>B2</id>
				<category>STANDARD</category>
			</seat>
			<seat>
				<id>B3</id>
				<category>STANDARD</category>
			</seat>
			<seat>
				<id>B4</id>
				<category>STANDARD</category>
			</seat>
		</seats>
	<seatCategory>STANDARD</seatCategory>
	<totalAmountDue>92.40€</totalAmountDue>
</reservation>
