<reservation>
	<performance>
		<play>The CICD by Corneille</play>
		<date>22/04/2023 21:00:00</date>
	</performance>
	<reservationId>123463</reservationId>
	<reservationStatus>FULFILLABLE</reservationStatus>
		<seats>
			<seat>
				<id>C1</id>
				<category>STANDARD</category>
			</seat>
			<seat>
				<id>C2</id>
				<category>STANDARD</category>
			</seat>
			<seat>
				<id>C3</id>
				<category>STANDARD</category>
			</seat>
			<seat>
				<id>C4</id>
				<category>STANDARD</category>
			</seat>
			<seat>
				<id>C5</id>
				<category>STANDARD</category>
			</seat>
		</seats>
	<seatCategory>STANDARD</seatCategory>
	<totalAmountDue>115.50€</totalAmountDue>
</reservation>
