<reservation>
	<performance>
		<play>Les fourberies de Scala - Molière</play>
		<date>21/03/2023 21:00:00</date>
	</performance>
	<reservationId>123459</reservationId>
	<reservationStatus>ABORTED</reservationStatus>
	<seatCategory>STANDARD</seatCategory>
	<totalAmountDue>0.00€</totalAmountDue>
</reservation>
