<reservation>
	<performance>
		<play>The CICD by Corneille</play>
		<date>2023-04-22</date>
		<time>21:00</time>
	</performance>
	<reservationId>123462</reservationId>
	<reservationStatus>FULFILLABLE</reservationStatus>
		<seats>
			<seat>
				<id>C1</id>
				<category>STANDARD</category>
			</seat>
			<seat>
				<id>C2</id>
				<category>STANDARD</category>
			</seat>
			<seat>
				<id>C3</id>
				<category>STANDARD</category>
			</seat>
			<seat>
				<id>C4</id>
				<category>STANDARD</category>
			</seat>
			<seat>
				<id>C5</id>
				<category>STANDARD</category>
			</seat>
		</seats>
	<seatCategory>STANDARD</seatCategory>
	<totalAmountDue>115.50â‚¬</totalAmountDue>
</reservation>
